// Jest Snapshot v1, https://goo.gl/fbAQLP

exports[`Renders correctly 1`] = `
Array [
  <h6
    class="MuiTypography-root MuiTypography-h6 MuiTypography-gutterBottom"
  >
    Please, introduce the following data for your new route
  </h6>,
  <form>
    <div
      class="MuiGrid-root MuiGrid-container MuiGrid-spacing-xs-3"
    >
      <div
        class="MuiGrid-root MuiGrid-item MuiGrid-grid-xs-12 MuiGrid-grid-sm-6"
        style="margin-top:16px"
      >
        <div
          class="MuiFormControl-root MuiTextField-root MuiFormControl-fullWidth"
        >
          <label
            class="MuiFormLabel-root MuiInputLabel-root MuiInputLabel-formControl MuiInputLabel-animated Mui-required Mui-required"
            data-shrink="false"
            for="name"
            id="name-label"
          >
            Name
            <span
              class="MuiFormLabel-asterisk MuiInputLabel-asterisk"
            >
               *
            </span>
          </label>
          <div
            class="MuiInputBase-root MuiInput-root MuiInput-underline MuiInputBase-fullWidth MuiInput-fullWidth MuiInputBase-formControl MuiInput-formControl"
          >
            <input
              aria-invalid="false"
              autocomplete="routename"
              class="MuiInputBase-input MuiInput-input"
              id="name"
              name="name"
              required=""
              type="text"
              value=""
            />
          </div>
        </div>
      </div>
      <div
        class="MuiGrid-root MuiGrid-item MuiGrid-grid-xs-12 MuiGrid-grid-sm-6"
      >
        <div
          class="MuiFormControl-root MuiTextField-root MuiFormControl-marginNormal"
        >
          <label
            class="MuiFormLabel-root MuiInputLabel-root MuiInputLabel-formControl MuiInputLabel-animated MuiInputLabel-shrink MuiFormLabel-filled Mui-required Mui-required"
            data-shrink="true"
            for="date"
            id="date-label"
          >
            Date
            <span
              class="MuiFormLabel-asterisk MuiInputLabel-asterisk"
            >
               *
            </span>
          </label>
          <div
            class="MuiInputBase-root MuiInput-root MuiInput-underline MuiInputBase-formControl MuiInput-formControl MuiInputBase-adornedEnd"
          >
            <input
              aria-invalid="false"
              class="MuiInputBase-input MuiInput-input MuiInputBase-inputAdornedEnd"
              id="date"
              name="date"
              required=""
              type="text"
              value="04/29/2020"
            />
            <div
              class="MuiInputAdornment-root MuiInputAdornment-positionEnd"
            >
              <button
                aria-label="date"
                class="MuiButtonBase-root MuiIconButton-root"
                tabindex="0"
                type="button"
              >
                <span
                  class="MuiIconButton-label"
                >
                  <svg
                    aria-hidden="true"
                    class="MuiSvgIcon-root"
                    focusable="false"
                    viewBox="0 0 24 24"
                  >
                    <path
                      d="M17 12h-5v5h5v-5zM16 1v2H8V1H6v2H5c-1.11 0-1.99.9-1.99 2L3 19c0 1.1.89 2 2 2h14c1.1 0 2-.9 2-2V5c0-1.1-.9-2-2-2h-1V1h-2zm3 18H5V8h14v11z"
                    />
                    <path
                      d="M0 0h24v24H0z"
                      fill="none"
                    />
                  </svg>
                </span>
              </button>
            </div>
          </div>
        </div>
      </div>
      <div
        class="MuiGrid-root MuiGrid-item MuiGrid-grid-xs-12"
      >
        <div
          class="MuiFormControl-root MuiTextField-root MuiFormControl-fullWidth"
        >
          <label
            class="MuiFormLabel-root MuiInputLabel-root MuiInputLabel-formControl MuiInputLabel-animated MuiInputLabel-outlined"
            data-shrink="false"
            for="description"
            id="description-label"
          >
            Description
          </label>
          <div
            class="MuiInputBase-root MuiOutlinedInput-root MuiInputBase-fullWidth MuiInputBase-formControl MuiInputBase-multiline MuiOutlinedInput-multiline"
          >
            <textarea
              aria-invalid="false"
              class="MuiInputBase-input MuiOutlinedInput-input MuiInputBase-inputMultiline MuiOutlinedInput-inputMultiline"
              id="description"
              name="description"
              rows="4"
            />
            <fieldset
              aria-hidden="true"
              class="PrivateNotchedOutline-root-236 MuiOutlinedInput-notchedOutline"
            >
              <legend
                class="PrivateNotchedOutline-legendLabelled-238"
              >
                <span>
                  Description
                </span>
              </legend>
            </fieldset>
          </div>
        </div>
      </div>
      <div
        class="MuiGrid-root MuiGrid-item MuiGrid-grid-xs-12 MuiGrid-grid-sm-3"
      >
        <input
          accept="image/*"
          id="media-photo"
          multiple=""
          style="display:none"
          type="file"
          value=""
        />
        <label
          for="media-photo"
        >
          <span
            aria-disabled="false"
            class="MuiButtonBase-root MuiButton-root MuiButton-contained"
            role="button"
            tabindex="0"
          >
            <span
              class="MuiButton-label"
            >
              <span
                class="MuiButton-startIcon MuiButton-iconSizeMedium"
              >
                <svg
                  aria-hidden="true"
                  class="MuiSvgIcon-root"
                  focusable="false"
                  viewBox="0 0 24 24"
                >
                  <path
                    d="M3 4V1h2v3h3v2H5v3H3V6H0V4h3zm3 6V7h3V4h7l1.83 2H21c1.1 0 2 .9 2 2v12c0 1.1-.9 2-2 2H5c-1.1 0-2-.9-2-2V10h3zm7 9c2.76 0 5-2.24 5-5s-2.24-5-5-5-5 2.24-5 5 2.24 5 5 5zm-3.2-5c0 1.77 1.43 3.2 3.2 3.2s3.2-1.43 3.2-3.2-1.43-3.2-3.2-3.2-3.2 1.43-3.2 3.2z"
                  />
                </svg>
              </span>
              Photos
            </span>
          </span>
        </label>
      </div>
      <div
        class="MuiGrid-root MuiGrid-item MuiGrid-grid-xs-12 MuiGrid-grid-sm-6"
      >
        <input
          accept="video/*"
          id="media-video"
          multiple=""
          style="display:none"
          type="file"
          value=""
        />
        <label
          for="media-video"
        >
          <span
            aria-disabled="false"
            class="MuiButtonBase-root MuiButton-root MuiButton-contained"
            role="button"
            tabindex="0"
          >
            <span
              class="MuiButton-label"
            >
              <span
                class="MuiButton-startIcon MuiButton-iconSizeMedium"
              >
                <svg
                  aria-hidden="true"
                  class="MuiSvgIcon-root"
                  focusable="false"
                  viewBox="0 0 24 24"
                >
                  <path
                    d="M19.35 10.04C18.67 6.59 15.64 4 12 4 9.11 4 6.6 5.64 5.35 8.04 2.34 8.36 0 10.91 0 14c0 3.31 2.69 6 6 6h13c2.76 0 5-2.24 5-5 0-2.64-2.05-4.78-4.65-4.96zM14 13v4h-4v-4H7l5-5 5 5h-3z"
                  />
                </svg>
              </span>
              Videos
            </span>
          </span>
        </label>
      </div>
      <div
        class="MuiGrid-root MuiGrid-item MuiGrid-grid-xs-12"
      >
        <p
          class="MuiFormHelperText-root"
          id="my-helper-text"
        >
          Fields marked with (*) are mandatory.
        </p>
      </div>
      <button
        class="MuiButtonBase-root MuiButton-root MuiButton-contained MuiButton-containedPrimary"
        id="btn-next"
        style="margin-top:12px;margin-left:auto"
        tabindex="0"
        type="submit"
      >
        <span
          class="MuiButton-label"
        >
          Next
        </span>
      </button>
    </div>
  </form>,
]
`;
