// Jest Snapshot v1, https://goo.gl/fbAQLP

exports[`Renders correctly 1`] = `
Object {
  "asFragment": [Function],
  "baseElement": <body>
    <div>
      <div>
        <div
          class="MuiPaper-root MuiCard-root makeStyles-root-1 MuiPaper-elevation4 MuiPaper-rounded"
        >
          <div
            class="makeStyles-details-2"
          >
            <div
              class="MuiCardContent-root makeStyles-content-3"
            >
              <h5
                class="MuiTypography-root makeStyles-title-4 MuiTypography-h5"
              >
                Route1
              </h5>
            </div>
            <div
              class="MuiCardActions-root"
            >
              <button
                aria-expanded="false"
                aria-label="show more"
                class="MuiButtonBase-root MuiIconButton-root makeStyles-expand-6"
                data-testid="btn-expand-test"
                tabindex="0"
                type="button"
              >
                <span
                  class="MuiIconButton-label"
                >
                  <svg
                    aria-hidden="true"
                    class="MuiSvgIcon-root"
                    focusable="false"
                    viewBox="0 0 24 24"
                  >
                    <path
                      d="M16.59 8.59L12 13.17 7.41 8.59 6 10l6 6 6-6z"
                    />
                  </svg>
                </span>
                <span
                  class="MuiTouchRipple-root"
                />
              </button>
            </div>
          </div>
          <div
            class="MuiCardMedia-root makeStyles-cover-5"
          >
            <div
              class="leaflet-container"
              style="position: relative;"
            >
              <div
                class="leaflet-pane leaflet-map-pane"
                style="left: 0px; top: 0px;"
              >
                <div
                  class="leaflet-pane leaflet-tile-pane"
                >
                  <div
                    class="leaflet-layer "
                    style="z-index: 1;"
                  >
                    <div
                      class="leaflet-tile-container leaflet-zoom-animated"
                      style="z-index: 18; left: 0px; top: 0px;"
                    >
                      <img
                        alt=""
                        class="leaflet-tile"
                        role="presentation"
                        src="https://c.tile.openstreetmap.org/18/131800/129979.png"
                        style="width: 256px; height: 256px; left: -46px; top: -156px;"
                      />
                    </div>
                  </div>
                </div>
                <div
                  class="leaflet-pane leaflet-shadow-pane"
                />
                <div
                  class="leaflet-pane leaflet-overlay-pane"
                >
                  <svg
                    height="0"
                    pointer-events="none"
                    style="left: 0px; top: 0px;"
                    viewBox="0 0 0 0"
                    width="0"
                  >
                    <g>
                      <path
                        class="leaflet-interactive"
                        d="M0 0L0 0"
                        fill="none"
                        stroke="blue"
                        stroke-linecap="round"
                        stroke-linejoin="round"
                        stroke-opacity="1"
                        stroke-width="3"
                      />
                    </g>
                  </svg>
                </div>
                <div
                  class="leaflet-pane leaflet-marker-pane"
                />
                <div
                  class="leaflet-pane leaflet-tooltip-pane"
                />
                <div
                  class="leaflet-pane leaflet-popup-pane"
                />
              </div>
              <div
                class="leaflet-control-container"
              >
                <div
                  class="leaflet-top leaflet-left"
                />
                <div
                  class="leaflet-top leaflet-right"
                />
                <div
                  class="leaflet-bottom leaflet-left"
                />
                <div
                  class="leaflet-bottom leaflet-right"
                >
                  <div
                    class="leaflet-control-attribution leaflet-control"
                  >
                    <a
                      href="https://leafletjs.com"
                      title="A JS library for interactive maps"
                    >
                      Leaflet
                    </a>
                  </div>
                </div>
              </div>
            </div>
          </div>
        </div>
      </div>
    </div>
  </body>,
  "container": <div>
    <div>
      <div
        class="MuiPaper-root MuiCard-root makeStyles-root-1 MuiPaper-elevation4 MuiPaper-rounded"
      >
        <div
          class="makeStyles-details-2"
        >
          <div
            class="MuiCardContent-root makeStyles-content-3"
          >
            <h5
              class="MuiTypography-root makeStyles-title-4 MuiTypography-h5"
            >
              Route1
            </h5>
          </div>
          <div
            class="MuiCardActions-root"
          >
            <button
              aria-expanded="false"
              aria-label="show more"
              class="MuiButtonBase-root MuiIconButton-root makeStyles-expand-6"
              data-testid="btn-expand-test"
              tabindex="0"
              type="button"
            >
              <span
                class="MuiIconButton-label"
              >
                <svg
                  aria-hidden="true"
                  class="MuiSvgIcon-root"
                  focusable="false"
                  viewBox="0 0 24 24"
                >
                  <path
                    d="M16.59 8.59L12 13.17 7.41 8.59 6 10l6 6 6-6z"
                  />
                </svg>
              </span>
              <span
                class="MuiTouchRipple-root"
              />
            </button>
          </div>
        </div>
        <div
          class="MuiCardMedia-root makeStyles-cover-5"
        >
          <div
            class="leaflet-container"
            style="position: relative;"
          >
            <div
              class="leaflet-pane leaflet-map-pane"
              style="left: 0px; top: 0px;"
            >
              <div
                class="leaflet-pane leaflet-tile-pane"
              >
                <div
                  class="leaflet-layer "
                  style="z-index: 1;"
                >
                  <div
                    class="leaflet-tile-container leaflet-zoom-animated"
                    style="z-index: 18; left: 0px; top: 0px;"
                  >
                    <img
                      alt=""
                      class="leaflet-tile"
                      role="presentation"
                      src="https://c.tile.openstreetmap.org/18/131800/129979.png"
                      style="width: 256px; height: 256px; left: -46px; top: -156px;"
                    />
                  </div>
                </div>
              </div>
              <div
                class="leaflet-pane leaflet-shadow-pane"
              />
              <div
                class="leaflet-pane leaflet-overlay-pane"
              >
                <svg
                  height="0"
                  pointer-events="none"
                  style="left: 0px; top: 0px;"
                  viewBox="0 0 0 0"
                  width="0"
                >
                  <g>
                    <path
                      class="leaflet-interactive"
                      d="M0 0L0 0"
                      fill="none"
                      stroke="blue"
                      stroke-linecap="round"
                      stroke-linejoin="round"
                      stroke-opacity="1"
                      stroke-width="3"
                    />
                  </g>
                </svg>
              </div>
              <div
                class="leaflet-pane leaflet-marker-pane"
              />
              <div
                class="leaflet-pane leaflet-tooltip-pane"
              />
              <div
                class="leaflet-pane leaflet-popup-pane"
              />
            </div>
            <div
              class="leaflet-control-container"
            >
              <div
                class="leaflet-top leaflet-left"
              />
              <div
                class="leaflet-top leaflet-right"
              />
              <div
                class="leaflet-bottom leaflet-left"
              />
              <div
                class="leaflet-bottom leaflet-right"
              >
                <div
                  class="leaflet-control-attribution leaflet-control"
                >
                  <a
                    href="https://leafletjs.com"
                    title="A JS library for interactive maps"
                  >
                    Leaflet
                  </a>
                </div>
              </div>
            </div>
          </div>
        </div>
      </div>
    </div>
  </div>,
  "debug": [Function],
  "findAllByAltText": [Function],
  "findAllByDisplayValue": [Function],
  "findAllByLabelText": [Function],
  "findAllByPlaceholderText": [Function],
  "findAllByRole": [Function],
  "findAllByTestId": [Function],
  "findAllByText": [Function],
  "findAllByTitle": [Function],
  "findByAltText": [Function],
  "findByDisplayValue": [Function],
  "findByLabelText": [Function],
  "findByPlaceholderText": [Function],
  "findByRole": [Function],
  "findByTestId": [Function],
  "findByText": [Function],
  "findByTitle": [Function],
  "getAllByAltText": [Function],
  "getAllByDisplayValue": [Function],
  "getAllByLabelText": [Function],
  "getAllByPlaceholderText": [Function],
  "getAllByRole": [Function],
  "getAllByTestId": [Function],
  "getAllByText": [Function],
  "getAllByTitle": [Function],
  "getByAltText": [Function],
  "getByDisplayValue": [Function],
  "getByLabelText": [Function],
  "getByPlaceholderText": [Function],
  "getByRole": [Function],
  "getByTestId": [Function],
  "getByText": [Function],
  "getByTitle": [Function],
  "queryAllByAltText": [Function],
  "queryAllByDisplayValue": [Function],
  "queryAllByLabelText": [Function],
  "queryAllByPlaceholderText": [Function],
  "queryAllByRole": [Function],
  "queryAllByTestId": [Function],
  "queryAllByText": [Function],
  "queryAllByTitle": [Function],
  "queryByAltText": [Function],
  "queryByDisplayValue": [Function],
  "queryByLabelText": [Function],
  "queryByPlaceholderText": [Function],
  "queryByRole": [Function],
  "queryByTestId": [Function],
  "queryByText": [Function],
  "queryByTitle": [Function],
  "rerender": [Function],
  "unmount": [Function],
}
`;
