// Jest Snapshot v1, https://goo.gl/fbAQLP

exports[`Renders correct 1`] = `
<div
  id="mapdetails"
/>
`;
