// Jest Snapshot v1, https://goo.gl/fbAQLP

exports[`Renders correctly 1`] = `
<ImportRoute
  classes={
    Object {
      "btn": "ImportRoute-btn-1",
    }
  }
/>
`;
