// Jest Snapshot v1, https://goo.gl/fbAQLP

exports[`Renders correctly 1`] = `
<div>
  <button
    aria-controls="customized-menu"
    aria-haspopup="true"
    class="MuiButtonBase-root MuiButton-root MuiButton-contained makeStyles-button-1 MuiButton-containedPrimary"
    tabindex="0"
    type="button"
  >
    <span
      class="MuiButton-label"
    >
      <div
        class="MuiAvatar-root MuiAvatar-circle makeStyles-profile-2 MuiAvatar-colorDefault"
      >
        <svg
          aria-hidden="true"
          class="MuiSvgIcon-root MuiAvatar-fallback"
          focusable="false"
          viewBox="0 0 24 24"
        >
          <path
            d="M12 12c2.21 0 4-1.79 4-4s-1.79-4-4-4-4 1.79-4 4 1.79 4 4 4zm0 2c-2.67 0-8 1.34-8 4v2h16v-2c0-2.66-5.33-4-8-4z"
          />
        </svg>
      </div>
       
      <svg
        aria-hidden="true"
        class="MuiSvgIcon-root"
        focusable="false"
        viewBox="0 0 24 24"
      >
        <path
          d="M7 10l5 5 5-5z"
        />
      </svg>
    </span>
  </button>
</div>
`;
