// Jest Snapshot v1, https://goo.gl/fbAQLP

exports[`Renders correctly 1`] = `
<div
  style="text-align:center"
>
  <div
    class="MuiLinearProgress-root MuiLinearProgress-colorPrimary MuiLinearProgress-indeterminate"
    role="progressbar"
  >
    <div
      class="MuiLinearProgress-bar MuiLinearProgress-barColorPrimary MuiLinearProgress-bar1Indeterminate"
    />
    <div
      class="MuiLinearProgress-bar MuiLinearProgress-bar2Indeterminate MuiLinearProgress-barColorPrimary"
    />
  </div>
  <h5
    class="MuiTypography-root MuiTypography-h5"
  >
    Loading your route...
  </h5>
</div>
`;
